vuln_id: scan-protobuf-net.Core
source_methods:
  - ProtoBuf.BufferPool::ResizeAndFlushLeft(System.Byte[]&,System.Int32,System.Int32,System.Int32)
  - ProtoBuf.BufferPool::ReleaseBufferToPool(System.Byte[]&)
  - ProtoBuf.MeasureState`1::Serialize(System.IO.Stream)
  - ProtoBuf.ProtoReader::AppendBytes(System.Byte[],ProtoBuf.ProtoReader)
  - ProtoBuf.ProtoReader::ReadLengthPrefix(System.IO.Stream,System.Boolean,ProtoBuf.PrefixStyle,System.Int32&)
  - ProtoBuf.ProtoReader::DirectReadLittleEndianInt32(System.IO.Stream)
  - ProtoBuf.ProtoReader::DirectReadBigEndianInt32(System.IO.Stream)
  - ProtoBuf.ProtoReader::DirectReadVarintInt32(System.IO.Stream)
  - ProtoBuf.ProtoReader::DirectReadBytes(System.IO.Stream,System.Byte[],System.Int32,System.Int32)
  - ProtoBuf.ProtoReader::DirectReadBytes(System.IO.Stream,System.Int32)
  - ProtoBuf.ProtoReader::DirectReadString(System.IO.Stream,System.Int32)
  - ProtoBuf.ProtoReader::ReadLengthPrefix(System.IO.Stream,System.Boolean,ProtoBuf.PrefixStyle,System.Int32&,System.Int32&)
  - ProtoBuf.ProtoReader::ReadLongLengthPrefix(System.IO.Stream,System.Boolean,ProtoBuf.PrefixStyle,System.Int32&,System.Int32&)
  - ProtoBuf.ProtoReader::Seek(System.IO.Stream,System.Int64,System.Byte[])
  - ProtoBuf.ProtoReader::Create(System.IO.Stream,ProtoBuf.Meta.TypeModel,ProtoBuf.SerializationContext,System.Int64)
  - ProtoBuf.ProtoReader::Create(System.IO.Stream,ProtoBuf.Meta.TypeModel,System.Object,System.Int64)
  - ProtoBuf.ProtoReader::TryConsumeSegmentRespectingPosition(System.IO.Stream,System.ArraySegment`1<System.Byte>&,System.Int64)
  - ProtoBuf.ProtoReader/State::Create(System.ReadOnlyMemory`1<System.Byte>,ProtoBuf.Meta.TypeModel,System.Object)
  - ProtoBuf.ProtoReader/State::Init(System.ReadOnlyMemory`1<System.Byte>)
  - ProtoBuf.ProtoReader/State::ParseVarintUInt32(System.ReadOnlySpan`1<System.Byte>,System.Int32,System.UInt32&)
  - ProtoBuf.ProtoReader/State::TryParseUInt64Varint(System.ReadOnlySpan`1<System.Byte>,System.Int32,System.UInt64&)
  - ProtoBuf.ProtoReader/State::AppendBytes(System.Byte[])
  - ProtoBuf.ProtoReader/State::AppendBytes(System.ReadOnlyMemory`1<System.Byte>)
  - ProtoBuf.ProtoReader/State::AppendBytes(System.Memory`1<System.Byte>)
  - ProtoBuf.ProtoReader/State::Create(System.IO.Stream,ProtoBuf.Meta.TypeModel,System.Object,System.Int64)
  - ProtoBuf.ProtoReader/ReadOnlySequenceProtoReader::TryParseUInt32Varint(ProtoBuf.ProtoReader/State&,System.Int32,System.Boolean,System.UInt32&,System.ReadOnlySpan`1<System.Byte>)
  - ProtoBuf.ProtoReader/StreamProtoReader::Init(System.IO.Stream,ProtoBuf.Meta.TypeModel,System.Object,System.Int64)
  - ProtoBuf.ProtoWriter::WriteBytes(System.Byte[],ProtoBuf.ProtoWriter)
  - ProtoBuf.ProtoWriter::WriteBytes(System.Byte[],System.Int32,System.Int32,ProtoBuf.ProtoWriter)
  - ProtoBuf.ProtoWriter::Create(System.IO.Stream,ProtoBuf.Meta.TypeModel,ProtoBuf.SerializationContext)
  - ProtoBuf.ProtoWriter/State::Init(System.Memory`1<System.Byte>)
  - ProtoBuf.ProtoWriter/State::LocalWriteBytes(System.ReadOnlySpan`1<System.Byte>)
  - ProtoBuf.ProtoWriter/State::ReadFrom(System.IO.Stream)
  - ProtoBuf.ProtoWriter/State::WriteBytes(System.Byte[])
  - ProtoBuf.ProtoWriter/State::WriteBytes(System.Memory`1<System.Byte>)
  - ProtoBuf.ProtoWriter/State::WriteBytes(System.ReadOnlyMemory`1<System.Byte>)
  - ProtoBuf.ProtoWriter/State::WriteBytes(System.ReadOnlySpan`1<System.Byte>)
  - ProtoBuf.ProtoWriter/State::Create(System.IO.Stream,ProtoBuf.Meta.TypeModel,System.Object)
  - ProtoBuf.ProtoWriter/BufferWriterProtoWriter::ImplWriteBytes(ProtoBuf.ProtoWriter/State&,System.ReadOnlySpan`1<System.Byte>)
  - ProtoBuf.ProtoWriter/BufferWriterProtoWriter::ImplCopyRawFromStream(ProtoBuf.ProtoWriter/State&,System.IO.Stream)
  - ProtoBuf.ProtoWriter/NullProtoWriter::ImplCopyRawFromStream(ProtoBuf.ProtoWriter/State&,System.IO.Stream)
  - ProtoBuf.ProtoWriter/NullProtoWriter::ImplWriteBytes(ProtoBuf.ProtoWriter/State&,System.ReadOnlySpan`1<System.Byte>)
  - ProtoBuf.ProtoWriter/StreamProtoWriter::CreateStreamProtoWriter(System.IO.Stream,ProtoBuf.Meta.TypeModel,System.Object)
  - ProtoBuf.ProtoWriter/StreamProtoWriter::ImplWriteBytes(ProtoBuf.ProtoWriter/State&,System.ReadOnlySpan`1<System.Byte>)
  - ProtoBuf.ProtoWriter/StreamProtoWriter::ImplCopyRawFromStream(ProtoBuf.ProtoWriter/State&,System.IO.Stream)
  - ProtoBuf.Meta.TypeModel::Serialize(System.IO.Stream,System.Object)
  - ProtoBuf.Meta.TypeModel::Serialize(System.IO.Stream,System.Object,ProtoBuf.SerializationContext)
  - ProtoBuf.Meta.TypeModel::Serialize(System.IO.Stream,T,System.Object)
  - ProtoBuf.Meta.TypeModel::DeserializeWithLengthPrefix(System.IO.Stream,System.Object,System.Type,ProtoBuf.PrefixStyle,System.Int32)
  - ProtoBuf.Meta.TypeModel::DeserializeWithLengthPrefix(System.IO.Stream,System.Object,System.Type,ProtoBuf.PrefixStyle,System.Int32,ProtoBuf.TypeResolver)
  - ProtoBuf.Meta.TypeModel::DeserializeWithLengthPrefix(System.IO.Stream,System.Object,System.Type,ProtoBuf.PrefixStyle,System.Int32,ProtoBuf.TypeResolver,System.Int32&)
  - ProtoBuf.Meta.TypeModel::DeserializeWithLengthPrefix(System.IO.Stream,System.Object,System.Type,ProtoBuf.PrefixStyle,System.Int32,ProtoBuf.TypeResolver,System.Int64&)
  - ProtoBuf.Meta.TypeModel::DeserializeItems(System.IO.Stream,System.Type,ProtoBuf.PrefixStyle,System.Int32,ProtoBuf.TypeResolver)
  - ProtoBuf.Meta.TypeModel::DeserializeItems(System.IO.Stream,System.Type,ProtoBuf.PrefixStyle,System.Int32,ProtoBuf.TypeResolver,ProtoBuf.SerializationContext)
  - ProtoBuf.Meta.TypeModel::DeserializeItems(System.IO.Stream,ProtoBuf.PrefixStyle,System.Int32)
  - ProtoBuf.Meta.TypeModel::DeserializeItems(System.IO.Stream,ProtoBuf.PrefixStyle,System.Int32,ProtoBuf.SerializationContext)
  - ProtoBuf.Meta.TypeModel::SerializeWithLengthPrefix(System.IO.Stream,System.Object,System.Type,ProtoBuf.PrefixStyle,System.Int32)
  - ProtoBuf.Meta.TypeModel::SerializeWithLengthPrefix(System.IO.Stream,System.Object,System.Type,ProtoBuf.PrefixStyle,System.Int32,ProtoBuf.SerializationContext)
  - ProtoBuf.Meta.TypeModel::Deserialize(System.IO.Stream,System.Object,System.Type)
  - ProtoBuf.Meta.TypeModel::Deserialize(System.IO.Stream,System.Object,System.Type,ProtoBuf.SerializationContext)
  - ProtoBuf.Meta.TypeModel::Deserialize(System.IO.Stream,T,System.Object)
  - ProtoBuf.Meta.TypeModel::Deserialize(System.ReadOnlyMemory`1<System.Byte>,T,System.Object)
  - ProtoBuf.Meta.TypeModel::Deserialize(System.ReadOnlySpan`1<System.Byte>,T,System.Object)
  - ProtoBuf.Meta.TypeModel::Deserialize(System.Type,System.IO.Stream,System.Object,System.Object,System.Int64)
  - ProtoBuf.Meta.TypeModel::Deserialize(System.Type,System.ReadOnlyMemory`1<System.Byte>,System.Object,System.Object)
  - ProtoBuf.Meta.TypeModel::Deserialize(System.Type,System.ReadOnlySpan`1<System.Byte>,System.Object,System.Object)
  - ProtoBuf.Meta.TypeModel::Deserialize(System.IO.Stream,System.Object,System.Type,System.Int32)
  - ProtoBuf.Meta.TypeModel::Deserialize(System.IO.Stream,System.Object,System.Type,System.Int64)
  - ProtoBuf.Meta.TypeModel::Deserialize(System.IO.Stream,System.Object,System.Type,System.Int32,ProtoBuf.SerializationContext)
  - ProtoBuf.Meta.TypeModel::Deserialize(System.IO.Stream,System.Object,System.Type,System.Int64,ProtoBuf.SerializationContext)
  - ProtoBuf.Meta.TypeModel::Deserialize(System.ReadOnlyMemory`1<System.Byte>,System.Type,System.Object,System.Object)
