vuln_id: scan-Nerdbank.MessagePack
source_methods:
  - Nerdbank.MessagePack.BufferWriter::Write(System.ReadOnlySpan`1<System.Byte>)
  - Nerdbank.MessagePack.BufferWriter::TryGetUncommittedSpan(System.ReadOnlySpan`1<System.Byte>&)
  - Nerdbank.MessagePack.MessagePackAsyncWriter::WriteRaw(System.ReadOnlySpan`1<System.Byte>)
  - Nerdbank.MessagePack.MessagePackPrimitives::TryReadNil(System.ReadOnlySpan`1<System.Byte>,System.Int32&)
  - Nerdbank.MessagePack.MessagePackPrimitives::TryReadArrayHeader(System.ReadOnlySpan`1<System.Byte>,System.UInt32&,System.Int32&)
  - Nerdbank.MessagePack.MessagePackPrimitives::TryReadMapHeader(System.ReadOnlySpan`1<System.Byte>,System.UInt32&,System.Int32&)
  - Nerdbank.MessagePack.MessagePackPrimitives::TryRead(System.ReadOnlySpan`1<System.Byte>,System.Boolean&,System.Int32&)
  - Nerdbank.MessagePack.MessagePackPrimitives::TryRead(System.ReadOnlySpan`1<System.Byte>,System.Char&,System.Int32&)
  - Nerdbank.MessagePack.MessagePackPrimitives::TryRead(System.ReadOnlySpan`1<System.Byte>,System.DateTime&,System.Int32&)
  - Nerdbank.MessagePack.MessagePackPrimitives::TryRead(System.ReadOnlySpan`1<System.Byte>,Nerdbank.MessagePack.ExtensionHeader,System.DateTime&,System.Int32&)
  - Nerdbank.MessagePack.MessagePackPrimitives::TryReadExtensionHeader(System.ReadOnlySpan`1<System.Byte>,Nerdbank.MessagePack.ExtensionHeader&,System.Int32&)
  - Nerdbank.MessagePack.MessagePackPrimitives::TryReadBinHeader(System.ReadOnlySpan`1<System.Byte>,System.UInt32&,System.Int32&)
  - Nerdbank.MessagePack.MessagePackPrimitives::TryReadStringHeader(System.ReadOnlySpan`1<System.Byte>,System.UInt32&,System.Int32&)
  - Nerdbank.MessagePack.MessagePackPrimitives::TryRead(System.ReadOnlySpan`1<System.Byte>,System.Byte&,System.Int32&)
  - Nerdbank.MessagePack.MessagePackPrimitives::TryRead(System.ReadOnlySpan`1<System.Byte>,System.UInt16&,System.Int32&)
  - Nerdbank.MessagePack.MessagePackPrimitives::TryRead(System.ReadOnlySpan`1<System.Byte>,System.UInt32&,System.Int32&)
  - Nerdbank.MessagePack.MessagePackPrimitives::TryRead(System.ReadOnlySpan`1<System.Byte>,System.UInt64&,System.Int32&)
  - Nerdbank.MessagePack.MessagePackPrimitives::TryRead(System.ReadOnlySpan`1<System.Byte>,System.SByte&,System.Int32&)
  - Nerdbank.MessagePack.MessagePackPrimitives::TryRead(System.ReadOnlySpan`1<System.Byte>,System.Int16&,System.Int32&)
  - Nerdbank.MessagePack.MessagePackPrimitives::TryRead(System.ReadOnlySpan`1<System.Byte>,System.Int32&,System.Int32&)
  - Nerdbank.MessagePack.MessagePackPrimitives::TryRead(System.ReadOnlySpan`1<System.Byte>,System.Int64&,System.Int32&)
  - Nerdbank.MessagePack.MessagePackPrimitives::TryRead(System.ReadOnlySpan`1<System.Byte>,System.Single&,System.Int32&)
  - Nerdbank.MessagePack.MessagePackPrimitives::TryRead(System.ReadOnlySpan`1<System.Byte>,System.Double&,System.Int32&)
  - Nerdbank.MessagePack.MessagePackReader::TryReadStringSpan(System.ReadOnlySpan`1<System.Byte>&)
  - Nerdbank.MessagePack.MessagePackSerializer::Serialize(System.IO.Stream,T&,System.Threading.CancellationToken)
  - Nerdbank.MessagePack.MessagePackSerializer::Deserialize(System.ReadOnlyMemory`1<System.Byte>,System.Threading.CancellationToken)
  - Nerdbank.MessagePack.MessagePackSerializer::Deserialize(System.IO.Stream,System.Threading.CancellationToken)
  - Nerdbank.MessagePack.MessagePackSerializer::DeserializeAsync(System.IO.Stream,System.Threading.CancellationToken)
  - Nerdbank.MessagePack.MessagePackSerializer::DeserializeEnumerableAsync(System.IO.Stream,System.Threading.CancellationToken)
  - Nerdbank.MessagePack.MessagePackSerializer::DeserializePathEnumerableAsync(System.IO.Stream,Nerdbank.MessagePack.MessagePackSerializer/StreamingEnumerationOptions`2<T,TElement>,System.Threading.CancellationToken)
  - Nerdbank.MessagePack.MessagePackSerializer::DeserializePath(System.ReadOnlyMemory`1<System.Byte>,Nerdbank.MessagePack.MessagePackSerializer/DeserializePathOptions`2<T,TElement>&,System.Threading.CancellationToken)
  - Nerdbank.MessagePack.MessagePackSerializer::DeserializePath(System.IO.Stream,Nerdbank.MessagePack.MessagePackSerializer/DeserializePathOptions`2<T,TElement>&,System.Threading.CancellationToken)
  - Nerdbank.MessagePack.MessagePackSerializer::SerializeAsync(System.IO.Stream,T&,System.Threading.CancellationToken)
  - Nerdbank.MessagePack.MessagePackSerializer::Serialize(System.IO.Stream,T&,System.Threading.CancellationToken)
  - Nerdbank.MessagePack.MessagePackSerializer::Deserialize(System.ReadOnlyMemory`1<System.Byte>,System.Threading.CancellationToken)
  - Nerdbank.MessagePack.MessagePackSerializer::Deserialize(System.IO.Stream,System.Threading.CancellationToken)
  - Nerdbank.MessagePack.MessagePackSerializer::DeserializeAsync(System.IO.Stream,System.Threading.CancellationToken)
  - Nerdbank.MessagePack.MessagePackSerializer::DeserializeEnumerableAsync(System.IO.Stream,System.Threading.CancellationToken)
  - Nerdbank.MessagePack.MessagePackSerializer::DeserializePathEnumerableAsync(System.IO.Stream,Nerdbank.MessagePack.MessagePackSerializer/StreamingEnumerationOptions`2<T,TElement>,System.Threading.CancellationToken)
  - Nerdbank.MessagePack.MessagePackSerializer::DeserializePath(System.ReadOnlyMemory`1<System.Byte>,Nerdbank.MessagePack.MessagePackSerializer/DeserializePathOptions`2<T,TElement>&,System.Threading.CancellationToken)
  - Nerdbank.MessagePack.MessagePackSerializer::DeserializePath(System.IO.Stream,Nerdbank.MessagePack.MessagePackSerializer/DeserializePathOptions`2<T,TElement>&,System.Threading.CancellationToken)
  - Nerdbank.MessagePack.MessagePackSerializer::SerializeAsync(System.IO.Stream,T&,System.Threading.CancellationToken)
  - Nerdbank.MessagePack.MessagePackSerializer::ConvertToJson(System.ReadOnlyMemory`1<System.Byte>,System.Nullable`1<Nerdbank.MessagePack.MessagePackSerializer/JsonOptions>)
  - Nerdbank.MessagePack.MessagePackSerializer::Serialize(System.IO.Stream,T&,PolyType.ITypeShape`1<T>,System.Threading.CancellationToken)
  - Nerdbank.MessagePack.MessagePackSerializer::SerializeObject(System.IO.Stream,System.Object,PolyType.ITypeShape,System.Threading.CancellationToken)
  - Nerdbank.MessagePack.MessagePackSerializer::SerializeAsync(System.IO.Stream,T,PolyType.ITypeShape`1<T>,System.Threading.CancellationToken)
  - Nerdbank.MessagePack.MessagePackSerializer::SerializeObjectAsync(System.IO.Stream,System.Object,PolyType.ITypeShape,System.Threading.CancellationToken)
  - Nerdbank.MessagePack.MessagePackSerializer::Deserialize(System.ReadOnlyMemory`1<System.Byte>,PolyType.ITypeShape`1<T>,System.Threading.CancellationToken)
  - Nerdbank.MessagePack.MessagePackSerializer::DeserializeObject(System.ReadOnlyMemory`1<System.Byte>,PolyType.ITypeShape,System.Threading.CancellationToken)
  - Nerdbank.MessagePack.MessagePackSerializer::Deserialize(System.IO.Stream,PolyType.ITypeShape`1<T>,System.Threading.CancellationToken)
  - Nerdbank.MessagePack.MessagePackSerializer::DeserializeObject(System.IO.Stream,PolyType.ITypeShape,System.Threading.CancellationToken)
  - Nerdbank.MessagePack.MessagePackSerializer::DeserializeAsync(System.IO.Stream,PolyType.ITypeShape`1<T>,System.Threading.CancellationToken)
  - Nerdbank.MessagePack.MessagePackSerializer::DeserializeObjectAsync(System.IO.Stream,PolyType.ITypeShape,System.Threading.CancellationToken)
  - Nerdbank.MessagePack.MessagePackSerializer::DeserializeEnumerableAsync(System.IO.Stream,PolyType.ITypeShape`1<T>,System.Threading.CancellationToken)
  - Nerdbank.MessagePack.MessagePackSerializer::DeserializePathEnumerableAsync(System.IO.Stream,PolyType.ITypeShape`1<T>,Nerdbank.MessagePack.MessagePackSerializer/StreamingEnumerationOptions`2<T,TElement>,System.Threading.CancellationToken)
  - Nerdbank.MessagePack.MessagePackSerializer::DeserializePath(System.ReadOnlyMemory`1<System.Byte>,PolyType.ITypeShape`1<T>,Nerdbank.MessagePack.MessagePackSerializer/DeserializePathOptions`2<T,TElement>&,System.Threading.CancellationToken)
  - Nerdbank.MessagePack.MessagePackSerializer::DeserializePath(System.IO.Stream,PolyType.ITypeShape`1<T>,Nerdbank.MessagePack.MessagePackSerializer/DeserializePathOptions`2<T,TElement>&,System.Threading.CancellationToken)
  - Nerdbank.MessagePack.MessagePackSerializerExtensions::Serialize(Nerdbank.MessagePack.MessagePackSerializer,System.IO.Stream,T&,System.Threading.CancellationToken)
  - Nerdbank.MessagePack.MessagePackSerializerExtensions::Deserialize(Nerdbank.MessagePack.MessagePackSerializer,System.ReadOnlyMemory`1<System.Byte>,System.Threading.CancellationToken)
  - Nerdbank.MessagePack.MessagePackSerializerExtensions::Deserialize(Nerdbank.MessagePack.MessagePackSerializer,System.IO.Stream,System.Threading.CancellationToken)
  - Nerdbank.MessagePack.MessagePackSerializerExtensions::DeserializeAsync(Nerdbank.MessagePack.MessagePackSerializer,System.IO.Stream,System.Threading.CancellationToken)
  - Nerdbank.MessagePack.MessagePackSerializerExtensions::DeserializeEnumerableAsync(Nerdbank.MessagePack.MessagePackSerializer,System.IO.Stream,System.Threading.CancellationToken)
  - Nerdbank.MessagePack.MessagePackSerializerExtensions::DeserializePathEnumerableAsync(Nerdbank.MessagePack.MessagePackSerializer,System.IO.Stream,Nerdbank.MessagePack.MessagePackSerializer/StreamingEnumerationOptions`2<T,TElement>,System.Threading.CancellationToken)
  - Nerdbank.MessagePack.MessagePackSerializerExtensions::DeserializePath(Nerdbank.MessagePack.MessagePackSerializer,System.ReadOnlyMemory`1<System.Byte>,Nerdbank.MessagePack.MessagePackSerializer/DeserializePathOptions`2<T,TElement>&,System.Threading.CancellationToken)
  - Nerdbank.MessagePack.MessagePackSerializerExtensions::DeserializePath(Nerdbank.MessagePack.MessagePackSerializer,System.IO.Stream,Nerdbank.MessagePack.MessagePackSerializer/DeserializePathOptions`2<T,TElement>&,System.Threading.CancellationToken)
  - Nerdbank.MessagePack.MessagePackSerializerExtensions::SerializeAsync(Nerdbank.MessagePack.MessagePackSerializer,System.IO.Stream,T&,System.Threading.CancellationToken)
  - Nerdbank.MessagePack.MessagePackSerializerExtensions::Serialize(Nerdbank.MessagePack.MessagePackSerializer,System.IO.Stream,T&,System.Threading.CancellationToken)
  - Nerdbank.MessagePack.MessagePackSerializerExtensions::Deserialize(Nerdbank.MessagePack.MessagePackSerializer,System.ReadOnlyMemory`1<System.Byte>,System.Threading.CancellationToken)
  - Nerdbank.MessagePack.MessagePackSerializerExtensions::Deserialize(Nerdbank.MessagePack.MessagePackSerializer,System.IO.Stream,System.Threading.CancellationToken)
  - Nerdbank.MessagePack.MessagePackSerializerExtensions::DeserializeAsync(Nerdbank.MessagePack.MessagePackSerializer,System.IO.Stream,System.Threading.CancellationToken)
  - Nerdbank.MessagePack.MessagePackSerializerExtensions::DeserializeEnumerableAsync(Nerdbank.MessagePack.MessagePackSerializer,System.IO.Stream,System.Threading.CancellationToken)
  - Nerdbank.MessagePack.MessagePackSerializerExtensions::DeserializePathEnumerableAsync(Nerdbank.MessagePack.MessagePackSerializer,System.IO.Stream,Nerdbank.MessagePack.MessagePackSerializer/StreamingEnumerationOptions`2<T,TElement>,System.Threading.CancellationToken)
  - Nerdbank.MessagePack.MessagePackSerializerExtensions::DeserializePath(Nerdbank.MessagePack.MessagePackSerializer,System.ReadOnlyMemory`1<System.Byte>,Nerdbank.MessagePack.MessagePackSerializer/DeserializePathOptions`2<T,TElement>&,System.Threading.CancellationToken)
  - Nerdbank.MessagePack.MessagePackSerializerExtensions::DeserializePath(Nerdbank.MessagePack.MessagePackSerializer,System.IO.Stream,Nerdbank.MessagePack.MessagePackSerializer/DeserializePathOptions`2<T,TElement>&,System.Threading.CancellationToken)
  - Nerdbank.MessagePack.MessagePackSerializerExtensions::SerializeAsync(Nerdbank.MessagePack.MessagePackSerializer,System.IO.Stream,T&,System.Threading.CancellationToken)
  - Nerdbank.MessagePack.MessagePackStreamingReader::TryReadStringSpan(System.Boolean&,System.ReadOnlySpan`1<System.Byte>&)
  - Nerdbank.MessagePack.MessagePackString::IsMatch(System.ReadOnlySpan`1<System.Byte>)
  - Nerdbank.MessagePack.MessagePackWriter::WriteRaw(System.ReadOnlySpan`1<System.Byte>)
  - Nerdbank.MessagePack.MessagePackWriter::Write(System.Byte[])
  - Nerdbank.MessagePack.MessagePackWriter::Write(System.ReadOnlySpan`1<System.Byte>)
  - Nerdbank.MessagePack.MessagePackWriter::WriteString(System.ReadOnlySpan`1<System.Byte>)
  - Nerdbank.MessagePack.StringEncoding::GetEncodedStringBytes(System.String,System.ReadOnlyMemory`1<System.Byte>&,System.ReadOnlyMemory`1<System.Byte>&)
